[     108ms] [LOG] [Fast Refresh] rebuilding @ http://localhost:3000/_next/static/chunks/0kn~_next_dist_0t0kgqw._.js:2431
[     112ms] [LOG] [Fast Refresh] done in 104ms @ http://localhost:3000/_next/static/chunks/0kn~_next_dist_0t0kgqw._.js:2431
[     126ms] [VERBOSE] [DOM] Input elements should have autocomplete attributes (suggested: "current-password"): (More info: https://goo.gl/9p2vKq) %o @ http://localhost:3000/login:0
[     141ms] [INFO] %cDownload the React DevTools for a better development experience: https://react.dev/link/react-devtools font-weight:bold @ http://localhost:3000/_next/static/chunks/0kn~_next_dist_0t0kgqw._.js:2431
[     150ms] [LOG] [HMR] connected @ http://localhost:3000/_next/static/chunks/0kn~_next_dist_0t0kgqw._.js:2431
[     196ms] [WARNING] Image with src "/images/new/logo.png" has either width or height modified, but not the other. If you use CSS to change the size of your image, also include the styles 'width: "auto"' or 'height: "auto"' to maintain the aspect ratio. @ http://localhost:3000/_next/static/chunks/0kn~_next_dist_0t0kgqw._.js:2431
[   30661ms] [LOG] [Fast Refresh] rebuilding @ http://localhost:3000/_next/static/chunks/0kn~_next_dist_0t0kgqw._.js:2431
[   30711ms] [LOG] [Fast Refresh] done in 122ms @ http://localhost:3000/_next/static/chunks/0kn~_next_dist_0t0kgqw._.js:2431
[   51987ms] [LOG] [Fast Refresh] rebuilding @ http://localhost:3000/_next/static/chunks/0kn~_next_dist_0t0kgqw._.js:2431
[   52055ms] [LOG] [Fast Refresh] done in 100ms @ http://localhost:3000/_next/static/chunks/0kn~_next_dist_0t0kgqw._.js:2431
[   60861ms] [LOG] [Fast Refresh] rebuilding @ http://localhost:3000/_next/static/chunks/0kn~_next_dist_0t0kgqw._.js:2431
[   60889ms] [LOG] [Fast Refresh] done in 46ms @ http://localhost:3000/_next/static/chunks/0kn~_next_dist_0t0kgqw._.js:2431
[   69837ms] [LOG] [Fast Refresh] rebuilding @ http://localhost:3000/_next/static/chunks/0kn~_next_dist_0t0kgqw._.js:2431
[   69864ms] [LOG] [Fast Refresh] done in 47ms @ http://localhost:3000/_next/static/chunks/0kn~_next_dist_0t0kgqw._.js:2431
[   97813ms] [LOG] [Fast Refresh] rebuilding @ http://localhost:3000/_next/static/chunks/0kn~_next_dist_0t0kgqw._.js:2431
[   97865ms] [LOG] [Fast Refresh] done in 123ms @ http://localhost:3000/_next/static/chunks/0kn~_next_dist_0t0kgqw._.js:2431
[  111984ms] [LOG] [Fast Refresh] rebuilding @ http://localhost:3000/_next/static/chunks/0kn~_next_dist_0t0kgqw._.js:2431
[  112045ms] [LOG] [Fast Refresh] done in 137ms @ http://localhost:3000/_next/static/chunks/0kn~_next_dist_0t0kgqw._.js:2431
[  188710ms] [LOG] [Fast Refresh] rebuilding @ http://localhost:3000/_next/static/chunks/0kn~_next_dist_0t0kgqw._.js:2431
[  188748ms] [LOG] [Fast Refresh] done in 58ms @ http://localhost:3000/_next/static/chunks/0kn~_next_dist_0t0kgqw._.js:2431
[  248026ms] [LOG] [Fast Refresh] rebuilding @ http://localhost:3000/_next/static/chunks/0kn~_next_dist_0t0kgqw._.js:2431
[  248083ms] [LOG] [Fast Refresh] done in 113ms @ http://localhost:3000/_next/static/chunks/0kn~_next_dist_0t0kgqw._.js:2431
[  264204ms] [LOG] [Fast Refresh] rebuilding @ http://localhost:3000/_next/static/chunks/0kn~_next_dist_0t0kgqw._.js:2431
[  264227ms] [LOG] [Fast Refresh] done in 57ms @ http://localhost:3000/_next/static/chunks/0kn~_next_dist_0t0kgqw._.js:2431
[  300492ms] [LOG] [Fast Refresh] rebuilding @ http://localhost:3000/_next/static/chunks/0kn~_next_dist_0t0kgqw._.js:2431
[  300540ms] [LOG] [Fast Refresh] done in 68ms @ http://localhost:3000/_next/static/chunks/0kn~_next_dist_0t0kgqw._.js:2431
[  324744ms] [LOG] [Fast Refresh] rebuilding @ http://localhost:3000/_next/static/chunks/0kn~_next_dist_0t0kgqw._.js:2431
[  324771ms] [LOG] [Fast Refresh] done in 47ms @ http://localhost:3000/_next/static/chunks/0kn~_next_dist_0t0kgqw._.js:2431
[  336099ms] [LOG] [Fast Refresh] rebuilding @ http://localhost:3000/_next/static/chunks/0kn~_next_dist_0t0kgqw._.js:2431
[  336125ms] [LOG] [Fast Refresh] done in 44ms @ http://localhost:3000/_next/static/chunks/0kn~_next_dist_0t0kgqw._.js:2431
[  393885ms] [LOG] [Fast Refresh] rebuilding @ http://localhost:3000/_next/static/chunks/0kn~_next_dist_0t0kgqw._.js:2431
[  393913ms] [LOG] [Fast Refresh] done in 47ms @ http://localhost:3000/_next/static/chunks/0kn~_next_dist_0t0kgqw._.js:2431
[  402089ms] [LOG] [Fast Refresh] rebuilding @ http://localhost:3000/_next/static/chunks/0kn~_next_dist_0t0kgqw._.js:2431
[  402114ms] [LOG] [Fast Refresh] done in 42ms @ http://localhost:3000/_next/static/chunks/0kn~_next_dist_0t0kgqw._.js:2431
[  431912ms] [LOG] [Fast Refresh] rebuilding @ http://localhost:3000/_next/static/chunks/0kn~_next_dist_0t0kgqw._.js:2431
[  432147ms] [LOG] [Fast Refresh] done in 330ms @ http://localhost:3000/_next/static/chunks/0kn~_next_dist_0t0kgqw._.js:2431
[  432350ms] [LOG] [Fast Refresh] rebuilding @ http://localhost:3000/_next/static/chunks/0kn~_next_dist_0t0kgqw._.js:2431
[  432402ms] [LOG] [Fast Refresh] done in 153ms @ http://localhost:3000/_next/static/chunks/0kn~_next_dist_0t0kgqw._.js:2431
[  432552ms] [LOG] [Fast Refresh] rebuilding @ http://localhost:3000/_next/static/chunks/0kn~_next_dist_0t0kgqw._.js:2431
[  432700ms] [LOG] [Fast Refresh] done in 248ms @ http://localhost:3000/_next/static/chunks/0kn~_next_dist_0t0kgqw._.js:2431
